
> frontend@0.0.0 build
> tsc -b && vite build

src/App.tsx(146,10): error TS6133: 'autoTestSteps' is declared but its value is never read.
src/App.tsx(1144,46): error TS2345: Argument of type '"dashboard"' is not assignable to parameter of type 'SetStateAction<View>'.
src/App.tsx(1260,46): error TS2345: Argument of type '"dashboard"' is not assignable to parameter of type 'SetStateAction<View>'.
